Starting a Gradle Daemon, 1 busy and 2 incompatible and 7 stopped Daemons could not be reused, use --status for details
> Task :app:checkKotlinGradlePluginConfigurationErrors SKIPPED
> Task :app:preBuild UP-TO-DATE
> Task :app:preDebugBuild UP-TO-DATE
> Task :app:generateDebugBuildConfig UP-TO-DATE
> Task :app:checkDebugAarMetadata UP-TO-DATE
> Task :app:generateDebugResValues UP-TO-DATE
> Task :app:processDebugGoogleServices UP-TO-DATE
> Task :app:mapDebugSourceSetPaths UP-TO-DATE
> Task :app:generateDebugResources UP-TO-DATE
> Task :app:mergeDebugResources UP-TO-DATE
> Task :app:packageDebugResources UP-TO-DATE
> Task :app:parseDebugLocalResources UP-TO-DATE
> Task :app:createDebugCompatibleScreenManifests UP-TO-DATE
> Task :app:extractDeepLinksDebug UP-TO-DATE
> Task :app:processDebugMainManifest UP-TO-DATE
> Task :app:processDebugManifest UP-TO-DATE
> Task :app:processDebugManifestForPackage UP-TO-DATE
> Task :app:processDebugResources UP-TO-DATE
> Task :app:kspDebugKotlin UP-TO-DATE

> Task :app:compileDebugKotlin FAILED
.\gradlew : e: 
file:///C:/Users/anurag/Desktop/AInotes/app/src/main/java/com/ainotes/ui/screens/history/HistoryScreen.kt:50:50 
Unresolved reference 'mutableStateSetOf'.
At line:1 char:1
+ .\gradlew compileDebugKotlin 2>&1 | Tee-Object -FilePath "build_error ...
+ ~~~~~~~~~~~~~~~~~~~~~~~~~~~~~~~~~
    + CategoryInfo          : NotSpecified: (e: file:///C:/U...bleStateSetOf'.:String) [], RemoteException
    + FullyQualifiedErrorId : NativeCommandError
 
e: file:///C:/Users/anurag/Desktop/AInotes/app/src/main/java/com/ainotes/ui/screens/history/HistoryScreen.kt:219:14 
Overload resolution ambiguity between candidates:
@InlineOnly() fun <@OnlyInputTypes() T> MutableCollection<out T>.remove(element: T): Boolean
@InlineOnly() fun <@OnlyInputTypes() K, V> MutableMap<out K, V>.remove(key: K): V?
e: file:///C:/Users/anurag/Desktop/AInotes/app/src/main/java/com/ainotes/ui/screens/history/HistoryScreen.kt:220:25 
Argument type mismatch: actual type is 'kotlin.String', but 'androidx.compose.foundation.layout.WindowInsets' was 
expected.
e: file:///C:/Users/anurag/Desktop/AInotes/app/src/main/java/com/ainotes/ui/screens/history/HistoryScreen.kt:268:64 
Unresolved reference 'BorderStroke'.
e: file:///C:/Users/anurag/Desktop/AInotes/app/src/main/java/com/ainotes/ui/screens/home/HomeScreen.kt:180:26 Not 
enough information to infer type argument for 'T'.
e: file:///C:/Users/anurag/Desktop/AInotes/app/src/main/java/com/ainotes/ui/screens/home/HomeScreen.kt:180:56 
Unresolved reference 'NoteSession'.
e: file:///C:/Users/anurag/Desktop/AInotes/app/src/main/java/com/ainotes/ui/screens/results/ResultsScreen.kt:190:30 
Unresolved reference 'tabIndicatorOffset'.
w: Detected multiple Kotlin daemon sessions at 

FAILURE: Build failed with an exception.

* What went wrong:
Execution failed for task ':app:compileDebugKotlin'.
> A failure occurred while executing 
org.jetbrains.kotlin.compilerRunner.GradleCompilerRunnerWithWorkers$GradleKotlinCompilerWorkAction
   > Compilation error. See log for more details

* Try:
> Run with --stacktrace option to get the stack trace.
> Run with --info or --debug option to get more log output.
> Run with --scan to get full insights.
> Get more help at https://help.gradle.org.

BUILD FAILED in 55s
17 actionable tasks: 1 executed, 16 up-to-date
